// Jest Snapshot v1, https://goo.gl/fbAQLP

exports[`Tests to Button component should match  snapshot 1`] = `
<button
  class="button"
>
  Load more
</button>
`;
