// Jest Snapshot v1, https://goo.gl/fbAQLP

exports[`Tests to Posts component should match snapshot 1`] = `
<input
  class="text-input"
  placeholder="Type your search"
  type="search"
  value=""
/>
`;
